{
  "filters_used": [
    {
      "path": "detect_secrets.filters.allowlist.is_line_allowlisted"
    },
    {
      "min_level": 2,
      "path": "detect_secrets.filters.common.is_ignored_due_to_verification_policies"
    },
    {
      "path": "detect_secrets.filters.heuristic.is_indirect_reference"
    },
    {
      "path": "detect_secrets.filters.heuristic.is_likely_id_string"
    },
    {
      "path": "detect_secrets.filters.heuristic.is_lock_file"
    },
    {
      "path": "detect_secrets.filters.heuristic.is_not_alphanumeric_string"
    },
    {
      "path": "detect_secrets.filters.heuristic.is_potential_uuid"
    },
    {
      "path": "detect_secrets.filters.heuristic.is_prefixed_with_dollar_sign"
    },
    {
      "path": "detect_secrets.filters.heuristic.is_sequential_string"
    },
    {
      "path": "detect_secrets.filters.heuristic.is_swagger_file"
    },
    {
      "path": "detect_secrets.filters.heuristic.is_templated_secret"
    },
    {
      "path": "detect_secrets.filters.regex.should_exclude_file",
      "pattern": [
        "^(.*cache|node_modules|\\.git|\\.tox|\\.venv|__pycache__|\\.pytest_cache|\\.mypy_cache|\\.ruff_cache|site|dist|build|\\.egg-info|\\.coverage|\\.DS_Store)/.*"
      ]
    },
    {
      "path": "detect_secrets.filters.regex.should_exclude_secret",
      "pattern": [
        "YOUR_OLLAMA_CLOUD_API_KEY"
      ]
    }
  ],
  "generated_at": "2026-07-14T04:40:13Z",
  "plugins_used": [
    {
      "name": "ArtifactoryDetector"
    },
    {
      "name": "AWSKeyDetector"
    },
    {
      "name": "AzureStorageKeyDetector"
    },
    {
      "limit": 4.5,
      "name": "Base64HighEntropyString"
    },
    {
      "name": "BasicAuthDetector"
    },
    {
      "name": "CloudantDetector"
    },
    {
      "name": "DiscordBotTokenDetector"
    },
    {
      "name": "GitHubTokenDetector"
    },
    {
      "name": "GitLabTokenDetector"
    },
    {
      "limit": 3.0,
      "name": "HexHighEntropyString"
    },
    {
      "name": "IbmCloudIamDetector"
    },
    {
      "name": "IbmCosHmacDetector"
    },
    {
      "name": "IPPublicDetector"
    },
    {
      "name": "JwtTokenDetector"
    },
    {
      "keyword_exclude": "",
      "name": "KeywordDetector"
    },
    {
      "name": "MailchimpDetector"
    },
    {
      "name": "NpmDetector"
    },
    {
      "name": "OpenAIDetector"
    },
    {
      "name": "PrivateKeyDetector"
    },
    {
      "name": "PypiTokenDetector"
    },
    {
      "name": "SendGridDetector"
    },
    {
      "name": "SlackDetector"
    },
    {
      "name": "SoftlayerDetector"
    },
    {
      "name": "SquareOAuthDetector"
    },
    {
      "name": "StripeDetector"
    },
    {
      "name": "TelegramBotTokenDetector"
    },
    {
      "name": "TwilioKeyDetector"
    }
  ],
  "results": {
    ".opencode/opencode.json": [
      {
        "filename": ".opencode/opencode.json",
        "hashed_secret": "5baa61e4c9b93f3f0682250b6cf8331b7ee68fd8",
        "is_secret": false,
        "is_verified": false,
        "line_number": 246,
        "type": "Basic Auth Credentials"
      }
    ],
    "AGENTS.md": [
      {
        "filename": "AGENTS.md",
        "hashed_secret": "5baa61e4c9b93f3f0682250b6cf8331b7ee68fd8",
        "is_secret": false,
        "is_verified": false,
        "line_number": 451,
        "type": "Basic Auth Credentials"
      }
    ],
    "CHANGELOG.md": [
      {
        "filename": "CHANGELOG.md",
        "hashed_secret": "5baa61e4c9b93f3f0682250b6cf8331b7ee68fd8",
        "is_secret": false,
        "is_verified": false,
        "line_number": 117,
        "type": "Basic Auth Credentials"
      }
    ],
    "README.md": [
      {
        "filename": "README.md",
        "hashed_secret": "5baa61e4c9b93f3f0682250b6cf8331b7ee68fd8",
        "is_secret": false,
        "is_verified": false,
        "line_number": 52,
        "type": "Basic Auth Credentials"
      }
    ],
    "docs/DOCKER_REGISTRY_PLAN.md": [
      {
        "filename": "docs/DOCKER_REGISTRY_PLAN.md",
        "hashed_secret": "5baa61e4c9b93f3f0682250b6cf8331b7ee68fd8",
        "is_secret": false,
        "is_verified": false,
        "line_number": 279,
        "type": "Basic Auth Credentials"
      }
    ],
    "docs/TOPOLOGY_MAP.md": [
      {
        "filename": "docs/TOPOLOGY_MAP.md",
        "hashed_secret": "9d4e1e23bd5b727046a9e3b4b7db57bd8d6ee684",
        "is_secret": false,
        "is_verified": false,
        "line_number": 95,
        "type": "Basic Auth Credentials"
      }
    ],
    "scripts/install-boomerang.js": [
      {
        "filename": "scripts/install-boomerang.js",
        "hashed_secret": "5baa61e4c9b93f3f0682250b6cf8331b7ee68fd8",
        "is_secret": false,
        "is_verified": false,
        "line_number": 127,
        "type": "Basic Auth Credentials"
      }
    ],
    "tests/install-boomerang.test.ts": [
      {
        "filename": "tests/install-boomerang.test.ts",
        "hashed_secret": "ec417f567082612f8fd6afafe1abcab831fca840",
        "is_secret": false,
        "is_verified": false,
        "line_number": 269,
        "type": "Secret Keyword"
      }
    ]
  },
  "version": "1.5.0"
}